[    9988ms] [LOG] %c[·] %cReact Scan font-weight:bold;color:#7a68e8;font-size:20px; font-weight:bold;font-size:14px; @ http://unpkg.com/react-scan/dist/auto.global.js:1
[   10090ms] [LOG] [HMR] connected @ http://localhost:3005/_next/static/chunks/7d351_next_dist_106550e6._.js:2297
[   15137ms] [WARNING] Warning: Missing `Description` or `aria-describedby={undefined}` for {DialogContent}. @ http://localhost:3005/_next/static/chunks/7d351_next_dist_106550e6._.js:2297
[   15139ms] [WARNING] Warning: Missing `Description` or `aria-describedby={undefined}` for {DialogContent}. @ http://localhost:3005/_next/static/chunks/7d351_next_dist_106550e6._.js:2297
[   15801ms] [LOG] [Fast Refresh] rebuilding @ http://localhost:3005/_next/static/chunks/7d351_next_dist_106550e6._.js:2297
[   15892ms] [LOG] [Fast Refresh] done in 191ms @ http://localhost:3005/_next/static/chunks/7d351_next_dist_106550e6._.js:2297
[   16886ms] [LOG] [Fast Refresh] rebuilding @ http://localhost:3005/_next/static/chunks/7d351_next_dist_106550e6._.js:2297
[   16889ms] [LOG] [Fast Refresh] done in 104ms @ http://localhost:3005/_next/static/chunks/7d351_next_dist_106550e6._.js:2297
[   19476ms] [WARNING] [React Scan] react-grab v0.1.32 is outdated (latest: v0.1.46). Update react-scan to pick up the newer react-grab. @ http://localhost:3005/_next/static/chunks/7d351_next_dist_106550e6._.js:2297
[  242862ms] [WARNING] Unable to determine content-length from response headers. Will expand buffer when needed. @ http://localhost:3005/_next/static/chunks/29e02_%40huggingface_transformers_dist_transformers_web_c68f482f.js:33119
[  242886ms] [WARNING] Unable to determine content-length from response headers. Will expand buffer when needed. @ http://localhost:3005/_next/static/chunks/29e02_%40huggingface_transformers_dist_transformers_web_c68f482f.js:33119
[  243038ms] [WARNING] Unable to determine content-length from response headers. Will expand buffer when needed. @ http://localhost:3005/_next/static/chunks/29e02_%40huggingface_transformers_dist_transformers_web_c68f482f.js:33119
[  243291ms] [WARNING] Unable to determine content-length from response headers. Will expand buffer when needed. @ http://localhost:3005/_next/static/chunks/29e02_%40huggingface_transformers_dist_transformers_web_c68f482f.js:33119
[  243296ms] [WARNING] Unable to determine content-length from response headers. Will expand buffer when needed. @ http://localhost:3005/_next/static/chunks/29e02_%40huggingface_transformers_dist_transformers_web_c68f482f.js:33119
[  243398ms] [WARNING] Unable to determine content-length from response headers. Will expand buffer when needed. @ http://localhost:3005/_next/static/chunks/29e02_%40huggingface_transformers_dist_transformers_web_c68f482f.js:33119
[  250373ms] [ERROR] [0;93m2026-06-17 23:54:54.446199 [W:onnxruntime:, session_state.cc:1280 VerifyEachNodeIsAssignedToAnEp] Some nodes were not assigned to the preferred execution providers which may or may not have an negative impact on performance. e.g. ORT explicitly assigns shape related ops to CPU to improve perf.[m @ https://cdn.jsdelivr.net/npm/@huggingface/transformers@3.8.1/dist/ort-wasm-simd-threaded.jsep.mjs:99
[  250374ms] [ERROR] [0;93m2026-06-17 23:54:54.447999 [W:onnxruntime:, session_state.cc:1282 VerifyEachNodeIsAssignedToAnEp] Rerunning with verbose output on a non-minimal build will show node assignments.[m @ https://cdn.jsdelivr.net/npm/@huggingface/transformers@3.8.1/dist/ort-wasm-simd-threaded.jsep.mjs:99
[  256299ms] [ERROR] [0;93m2026-06-17 23:55:00.373199 [W:onnxruntime:, session_state.cc:1280 VerifyEachNodeIsAssignedToAnEp] Some nodes were not assigned to the preferred execution providers which may or may not have an negative impact on performance. e.g. ORT explicitly assigns shape related ops to CPU to improve perf.[m @ https://cdn.jsdelivr.net/npm/@huggingface/transformers@3.8.1/dist/ort-wasm-simd-threaded.jsep.mjs:99
[  256299ms] [ERROR] [0;93m2026-06-17 23:55:00.373500 [W:onnxruntime:, session_state.cc:1282 VerifyEachNodeIsAssignedToAnEp] Rerunning with verbose output on a non-minimal build will show node assignments.[m @ https://cdn.jsdelivr.net/npm/@huggingface/transformers@3.8.1/dist/ort-wasm-simd-threaded.jsep.mjs:99
[  256958ms] [WARNING] No language specified - defaulting to English (en). @ http://localhost:3005/_next/static/chunks/29e02_%40huggingface_transformers_dist_transformers_web_c68f482f.js:11534
