[     590ms] [LOG] %c[·] %cReact Scan font-weight:bold;color:#7a68e8;font-size:20px; font-weight:bold;font-size:14px; @ http://unpkg.com/react-scan/dist/auto.global.js:1
[     689ms] [LOG] [HMR] connected @ http://localhost:3005/_next/static/chunks/7d351_next_dist_106550e6._.js:2297
[     963ms] [WARNING] [React Scan] react-grab v0.1.32 is outdated (latest: v0.1.44). Update react-scan to pick up the newer react-grab. @ http://localhost:3005/_next/static/chunks/7d351_next_dist_106550e6._.js:2297
[    3247ms] [WARNING] Warning: Missing `Description` or `aria-describedby={undefined}` for {DialogContent}. @ http://localhost:3005/_next/static/chunks/7d351_next_dist_106550e6._.js:2297
[    3249ms] [WARNING] Warning: Missing `Description` or `aria-describedby={undefined}` for {DialogContent}. @ http://localhost:3005/_next/static/chunks/7d351_next_dist_106550e6._.js:2297
[  371775ms] [LOG] [Fast Refresh] rebuilding @ http://localhost:3005/_next/static/chunks/7d351_next_dist_106550e6._.js:2297
[  371777ms] [WARNING] [Fast Refresh] performing full reload

Fast Refresh will perform a full reload when you edit a file that's imported by modules outside of the React rendering tree.
You might have a file which exports a React component but also exports a value that is imported by a non-React component file.
Consider migrating the non-React component export to a separate file and importing it into both files.

It is also possible the parent component of the component you edited is a class component, which disables Fast Refresh.
Fast Refresh requires at least one parent function component in your React tree. @ http://localhost:3005/_next/static/chunks/7d351_next_dist_106550e6._.js:2297
[  371883ms] [LOG] [Fast Refresh] done in 75ms @ http://localhost:3005/_next/static/chunks/7d351_next_dist_106550e6._.js:2297
[  384990ms] [LOG] %c[·] %cReact Scan font-weight:bold;color:#7a68e8;font-size:20px; font-weight:bold;font-size:14px; @ http://unpkg.com/react-scan/dist/auto.global.js:1
[  385068ms] [LOG] [HMR] connected @ http://localhost:3005/_next/static/chunks/7d351_next_dist_106550e6._.js:2297
[  385367ms] [WARNING] [React Scan] react-grab v0.1.32 is outdated (latest: v0.1.44). Update react-scan to pick up the newer react-grab. @ http://localhost:3005/_next/static/chunks/7d351_next_dist_106550e6._.js:2297
[  407887ms] [LOG] %c[·] %cReact Scan font-weight:bold;color:#7a68e8;font-size:20px; font-weight:bold;font-size:14px; @ http://unpkg.com/react-scan/dist/auto.global.js:1
[  407910ms] [LOG] [HMR] connected @ http://localhost:3005/_next/static/chunks/7d351_next_dist_106550e6._.js:2297
[  408024ms] [WARNING] [React Scan] react-grab v0.1.32 is outdated (latest: v0.1.44). Update react-scan to pick up the newer react-grab. @ http://localhost:3005/_next/static/chunks/7d351_next_dist_106550e6._.js:2297
[  668642ms] [ERROR] WebSocket connection to 'ws://localhost:3005/_next/webpack-hmr?id=fs29msBJ7aowC5Vw7nDQ0' failed: Error in connection establishment: net::ERR_CONNECTION_REFUSED @ http://localhost:3005/_next/static/chunks/7d351_next_dist_client_9b84ed4b._.js:10878
[  669645ms] [ERROR] WebSocket connection to 'ws://localhost:3005/_next/webpack-hmr?id=fs29msBJ7aowC5Vw7nDQ0' failed: Error in connection establishment: net::ERR_CONNECTION_REFUSED @ http://localhost:3005/_next/static/chunks/7d351_next_dist_client_9b84ed4b._.js:10878
[  671110ms] [LOG] [HMR] connected @ http://localhost:3005/_next/static/chunks/7d351_next_dist_106550e6._.js:2297
[  671677ms] [ERROR] Failed to load resource: the server responded with a status of 402 () @ https://basket.databuddy.cc/batch?client_id=UP-Wcoy5arxFeK7oyjMMZ:0
[  672277ms] [LOG] %c[·] %cReact Scan font-weight:bold;color:#7a68e8;font-size:20px; font-weight:bold;font-size:14px; @ http://unpkg.com/react-scan/dist/auto.global.js:1
[  672313ms] [LOG] [HMR] connected @ http://localhost:3005/_next/static/chunks/7d351_next_dist_106550e6._.js:2297
[  672504ms] [WARNING] [React Scan] react-grab v0.1.32 is outdated (latest: v0.1.44). Update react-scan to pick up the newer react-grab. @ http://localhost:3005/_next/static/chunks/7d351_next_dist_106550e6._.js:2297
[  737541ms] [LOG] [Fast Refresh] rebuilding @ http://localhost:3005/_next/static/chunks/7d351_next_dist_106550e6._.js:2297
[  737731ms] [WARNING] [Fast Refresh] performing full reload

Fast Refresh will perform a full reload when you edit a file that's imported by modules outside of the React rendering tree.
You might have a file which exports a React component but also exports a value that is imported by a non-React component file.
Consider migrating the non-React component export to a separate file and importing it into both files.

It is also possible the parent component of the component you edited is a class component, which disables Fast Refresh.
Fast Refresh requires at least one parent function component in your React tree. @ http://localhost:3005/_next/static/chunks/7d351_next_dist_106550e6._.js:2297
[  737817ms] [LOG] [Fast Refresh] done in 290ms @ http://localhost:3005/_next/static/chunks/7d351_next_dist_106550e6._.js:2297
[  738137ms] [LOG] %c[·] %cReact Scan font-weight:bold;color:#7a68e8;font-size:20px; font-weight:bold;font-size:14px; @ http://unpkg.com/react-scan/dist/auto.global.js:1
[  738160ms] [LOG] [HMR] connected @ http://localhost:3005/_next/static/chunks/7d351_next_dist_106550e6._.js:2297
[  738275ms] [WARNING] [React Scan] react-grab v0.1.32 is outdated (latest: v0.1.44). Update react-scan to pick up the newer react-grab. @ http://localhost:3005/_next/static/chunks/7d351_next_dist_106550e6._.js:2297
[  772059ms] [LOG] %c[·] %cReact Scan font-weight:bold;color:#7a68e8;font-size:20px; font-weight:bold;font-size:14px; @ http://unpkg.com/react-scan/dist/auto.global.js:1
[  772082ms] [LOG] [HMR] connected @ http://localhost:3005/_next/static/chunks/7d351_next_dist_106550e6._.js:2297
[  772215ms] [WARNING] [React Scan] react-grab v0.1.32 is outdated (latest: v0.1.44). Update react-scan to pick up the newer react-grab. @ http://localhost:3005/_next/static/chunks/7d351_next_dist_106550e6._.js:2297
[  782883ms] [ERROR] WebSocket connection to 'ws://localhost:3005/_next/webpack-hmr?id=XmAp2asaOSH75b_Ptj1vj' failed: Error in connection establishment: net::ERR_CONNECTION_REFUSED @ http://localhost:3005/_next/static/chunks/7d351_next_dist_client_9b84ed4b._.js:10878
[  783885ms] [ERROR] WebSocket connection to 'ws://localhost:3005/_next/webpack-hmr?id=XmAp2asaOSH75b_Ptj1vj' failed: Error in connection establishment: net::ERR_CONNECTION_REFUSED @ http://localhost:3005/_next/static/chunks/7d351_next_dist_client_9b84ed4b._.js:10878
[  784918ms] [LOG] [HMR] connected @ http://localhost:3005/_next/static/chunks/7d351_next_dist_106550e6._.js:2297
[  785472ms] [ERROR] Failed to load resource: the server responded with a status of 402 () @ https://basket.databuddy.cc/batch?client_id=UP-Wcoy5arxFeK7oyjMMZ:0
[  785795ms] [LOG] %c[·] %cReact Scan font-weight:bold;color:#7a68e8;font-size:20px; font-weight:bold;font-size:14px; @ http://unpkg.com/react-scan/dist/auto.global.js:1
[  785816ms] [LOG] [HMR] connected @ http://localhost:3005/_next/static/chunks/7d351_next_dist_106550e6._.js:2297
[  785939ms] [WARNING] [React Scan] react-grab v0.1.32 is outdated (latest: v0.1.44). Update react-scan to pick up the newer react-grab. @ http://localhost:3005/_next/static/chunks/7d351_next_dist_106550e6._.js:2297
[  787718ms] [LOG] [Fast Refresh] rebuilding @ http://localhost:3005/_next/static/chunks/7d351_next_dist_106550e6._.js:2297
[  787901ms] [LOG] [Fast Refresh] done in 284ms @ http://localhost:3005/_next/static/chunks/7d351_next_dist_106550e6._.js:2297
