[   12191ms] [LOG] %c[·] %cReact Scan font-weight:bold;color:#7a68e8;font-size:20px; font-weight:bold;font-size:14px; @ http://unpkg.com/react-scan/dist/auto.global.js:1
[   12306ms] [LOG] [HMR] connected @ http://localhost:3005/_next/static/chunks/7d351_next_dist_106550e6._.js:2297
[   13756ms] [WARNING] [React Scan] react-grab v0.1.32 is outdated (latest: v0.1.44). Update react-scan to pick up the newer react-grab. @ http://localhost:3005/_next/static/chunks/7d351_next_dist_106550e6._.js:2297
[   22345ms] [WARNING] Warning: Missing `Description` or `aria-describedby={undefined}` for {DialogContent}. @ http://localhost:3005/_next/static/chunks/7d351_next_dist_106550e6._.js:2297
[   22346ms] [WARNING] Warning: Missing `Description` or `aria-describedby={undefined}` for {DialogContent}. @ http://localhost:3005/_next/static/chunks/7d351_next_dist_106550e6._.js:2297
[   60512ms] [ERROR] Track not found: 29af4812-3d6a-4c9e-83f2-0ae96b299d1d @ http://localhost:3005/_next/static/chunks/7d351_next_dist_106550e6._.js:3127
[   60654ms] [LOG] [Fast Refresh] rebuilding @ http://localhost:3005/_next/static/chunks/7d351_next_dist_106550e6._.js:2297
[   60708ms] [LOG] [Fast Refresh] done in 155ms @ http://localhost:3005/_next/static/chunks/7d351_next_dist_106550e6._.js:2297
[  155632ms] [LOG] [Fast Refresh] rebuilding @ http://localhost:3005/_next/static/chunks/7d351_next_dist_106550e6._.js:2297
[  155633ms] [WARNING] [Fast Refresh] performing full reload

Fast Refresh will perform a full reload when you edit a file that's imported by modules outside of the React rendering tree.
You might have a file which exports a React component but also exports a value that is imported by a non-React component file.
Consider migrating the non-React component export to a separate file and importing it into both files.

It is also possible the parent component of the component you edited is a class component, which disables Fast Refresh.
Fast Refresh requires at least one parent function component in your React tree. @ http://localhost:3005/_next/static/chunks/7d351_next_dist_106550e6._.js:2297
[  155662ms] [LOG] [Fast Refresh] done in 57ms @ http://localhost:3005/_next/static/chunks/7d351_next_dist_106550e6._.js:2297
[  155766ms] [LOG] [Fast Refresh] rebuilding @ http://localhost:3005/_next/static/chunks/7d351_next_dist_106550e6._.js:2297
[  155856ms] [LOG] [Fast Refresh] done in 191ms @ http://localhost:3005/_next/static/chunks/7d351_next_dist_106550e6._.js:2297
[  156416ms] [LOG] %c[·] %cReact Scan font-weight:bold;color:#7a68e8;font-size:20px; font-weight:bold;font-size:14px; @ http://unpkg.com/react-scan/dist/auto.global.js:1
[  156481ms] [LOG] [HMR] connected @ http://localhost:3005/_next/static/chunks/7d351_next_dist_106550e6._.js:2297
[  156567ms] [WARNING] [React Scan] react-grab v0.1.32 is outdated (latest: v0.1.44). Update react-scan to pick up the newer react-grab. @ http://localhost:3005/_next/static/chunks/7d351_next_dist_106550e6._.js:2297
[  169375ms] [LOG] %c[·] %cReact Scan font-weight:bold;color:#7a68e8;font-size:20px; font-weight:bold;font-size:14px; @ http://unpkg.com/react-scan/dist/auto.global.js:1
[  169389ms] [LOG] [HMR] connected @ http://localhost:3005/_next/static/chunks/7d351_next_dist_106550e6._.js:2297
[  169622ms] [WARNING] [React Scan] react-grab v0.1.32 is outdated (latest: v0.1.44). Update react-scan to pick up the newer react-grab. @ http://localhost:3005/_next/static/chunks/7d351_next_dist_106550e6._.js:2297
