[     579ms] [LOG] %c[·] %cReact Scan font-weight:bold;color:#7a68e8;font-size:20px; font-weight:bold;font-size:14px; @ http://unpkg.com/react-scan/dist/auto.global.js:1
[     688ms] [LOG] [HMR] connected @ http://localhost:3005/_next/static/chunks/7d351_next_dist_106550e6._.js:2297
[     746ms] [ERROR] Failed to load project: Error: Project with id 40888959-1943-4698-a2f6-d8dae7f67ded not found
    at ProjectManager.loadProject (http://localhost:3005/_next/static/chunks/apps_web_src_core_6a271975._.js:1331:23)
    at async EditorProvider.useEffect.loadProject (http://localhost:3005/_next/static/chunks/apps_web_src_components_3df0a046._.js:1544:25) @ http://localhost:3005/_next/static/chunks/7d351_next_dist_106550e6._.js:3127
[     748ms] [ERROR] Failed to load project: Error: Project with id 40888959-1943-4698-a2f6-d8dae7f67ded not found
    at ProjectManager.loadProject (http://localhost:3005/_next/static/chunks/apps_web_src_core_6a271975._.js:1331:23)
    at async EditorProvider.useEffect.loadProject (http://localhost:3005/_next/static/chunks/apps_web_src_components_3df0a046._.js:1544:25) @ http://localhost:3005/_next/static/chunks/7d351_next_dist_106550e6._.js:3127
[     995ms] [WARNING] Warning: Missing `Description` or `aria-describedby={undefined}` for {DialogContent}. @ http://localhost:3005/_next/static/chunks/7d351_next_dist_106550e6._.js:2297
[     997ms] [WARNING] Warning: Missing `Description` or `aria-describedby={undefined}` for {DialogContent}. @ http://localhost:3005/_next/static/chunks/7d351_next_dist_106550e6._.js:2297
[    1090ms] [WARNING] [React Scan] react-grab v0.1.32 is outdated (latest: v0.1.44). Update react-scan to pick up the newer react-grab. @ http://localhost:3005/_next/static/chunks/7d351_next_dist_106550e6._.js:2297
[  134510ms] [LOG] [Fast Refresh] rebuilding @ http://localhost:3005/_next/static/chunks/7d351_next_dist_106550e6._.js:2297
[  134511ms] [WARNING] [Fast Refresh] performing full reload

Fast Refresh will perform a full reload when you edit a file that's imported by modules outside of the React rendering tree.
You might have a file which exports a React component but also exports a value that is imported by a non-React component file.
Consider migrating the non-React component export to a separate file and importing it into both files.

It is also possible the parent component of the component you edited is a class component, which disables Fast Refresh.
Fast Refresh requires at least one parent function component in your React tree. @ http://localhost:3005/_next/static/chunks/7d351_next_dist_106550e6._.js:2297
[  134611ms] [LOG] [Fast Refresh] done in 43ms @ http://localhost:3005/_next/static/chunks/7d351_next_dist_106550e6._.js:2297
[  135225ms] [LOG] %c[·] %cReact Scan font-weight:bold;color:#7a68e8;font-size:20px; font-weight:bold;font-size:14px; @ http://unpkg.com/react-scan/dist/auto.global.js:1
[  135286ms] [LOG] [HMR] connected @ http://localhost:3005/_next/static/chunks/7d351_next_dist_106550e6._.js:2297
[  135386ms] [WARNING] [React Scan] react-grab v0.1.32 is outdated (latest: v0.1.44). Update react-scan to pick up the newer react-grab. @ http://localhost:3005/_next/static/chunks/7d351_next_dist_106550e6._.js:2297
