[    9943ms] [LOG] %c[·] %cReact Scan font-weight:bold;color:#7a68e8;font-size:20px; font-weight:bold;font-size:14px; @ http://unpkg.com/react-scan/dist/auto.global.js:1
[   10046ms] [LOG] [HMR] connected @ http://localhost:3005/_next/static/chunks/7d351_next_dist_106550e6._.js:2297
[   10111ms] [ERROR] A tree hydrated but some attributes of the server rendered HTML didn't match the client properties. This won't be patched up. This can happen if a SSR-ed Client Component used:

- A server/client branch `if (typeof window !== 'undefined')`.
- Variable input such as `Date.now()` or `Math.random()` which changes each time it's called.
- Date formatting in a user's locale which doesn't match the server.
- External changing data without sending a snapshot of it along with the HTML.
- Invalid HTML tag nesting.

It can also happen if the client has a browser extension installed which messes with the HTML before React loaded.

%s%s https://react.dev/link/hydration-mismatch 

  ...
    <div className="bg-backgro...">
      <MigrationDialog>
      <StoragePersistenceDialog>
      <ChangelogNotification>
      <ProjectsHeader>
      <ProjectsToolbar projectIds={[...]}>
        <div className="sticky top...">
          <div className="flex items...">
            <_c className="flex items..." htmlFor="select-all...">
              <Label ref={null} className="text-xs te..." htmlFor="select-all...">
                <Primitive.label className="text-xs te..." htmlFor="select-all..." ref={null} ...>
                  <label className="text-xs te..." htmlFor="select-all..." onMouseDown={function onMouseDown} ref={null}>
                    <_c className="size-5" id="select-all..." checked={false} onCheckedChange={function onCheckedChange}>
                      <Checkbox ref={null} className="cursor-def..." id="select-all..." checked={false} ...>
                        <CheckboxProvider __scopeCheckbox={undefined} checked={false} defaultChecked={undefined} ...>
                          <CheckboxProvider scope={undefined} checked={false} disabled={undefined} ...>
                            <CheckboxTrigger>
                            <CheckboxBubbleInput __scopeCheckbox={undefined}>
                              <Primitive.input type="checkbox" aria-hidden={true} defaultChecked={false} ...>
                                <input
                                  type="checkbox"
                                  aria-hidden={true}
                                  defaultChecked={false}
                                  required={undefined}
                                  disabled={undefined}
                                  name={undefined}
                                  value="on"
                                  form={undefined}
                                  tabIndex={-1}
                                  style={{
+                                   position: "absolute"
-                                   position: "absolute"
+                                   pointerEvents: "none"
+                                   opacity: 0
-                                   opacity: "0"
+                                   margin: 0
+                                   transform: "translateX(-100%)"
-                                   transform: "translateX(-100%)"
-                                   pointer-events: "none"
-                                   margin-top: "0px"
-                                   margin-right: "0px"
-                                   margin-bottom: "0px"
-                                   margin-left: "0px"
                                  }}
                                  ref={function}
                                >
                    ...
            ...
      ...
 @ http://localhost:3005/_next/static/chunks/7d351_next_dist_106550e6._.js:3127
[   19426ms] [WARNING] [React Scan] react-grab v0.1.32 is outdated (latest: v0.1.44). Update react-scan to pick up the newer react-grab. @ http://localhost:3005/_next/static/chunks/7d351_next_dist_106550e6._.js:2297
[  228991ms] [LOG] [Fast Refresh] rebuilding @ http://localhost:3005/_next/static/chunks/7d351_next_dist_106550e6._.js:2297
[  228995ms] [LOG] [Fast Refresh] done in 106ms @ http://localhost:3005/_next/static/chunks/7d351_next_dist_106550e6._.js:2297
[  374512ms] [LOG] [Fast Refresh] rebuilding @ http://localhost:3005/_next/static/chunks/7d351_next_dist_106550e6._.js:2297
[  374666ms] [LOG] [Fast Refresh] done in 58ms @ http://localhost:3005/_next/static/chunks/7d351_next_dist_106550e6._.js:2297
[  374675ms] [WARNING] [Fast Refresh] performing full reload

Fast Refresh will perform a full reload when you edit a file that's imported by modules outside of the React rendering tree.
You might have a file which exports a React component but also exports a value that is imported by a non-React component file.
Consider migrating the non-React component export to a separate file and importing it into both files.

It is also possible the parent component of the component you edited is a class component, which disables Fast Refresh.
Fast Refresh requires at least one parent function component in your React tree. @ http://localhost:3005/_next/static/chunks/7d351_next_dist_106550e6._.js:2297
[  374791ms] [LOG] [Fast Refresh] rebuilding @ http://localhost:3005/_next/static/chunks/7d351_next_dist_106550e6._.js:2297
[  374844ms] [LOG] [Fast Refresh] done in 155ms @ http://localhost:3005/_next/static/chunks/7d351_next_dist_106550e6._.js:2297
[  374951ms] [LOG] [Fast Refresh] rebuilding @ http://localhost:3005/_next/static/chunks/7d351_next_dist_106550e6._.js:2297
[  375020ms] [LOG] [Fast Refresh] done in 169ms @ http://localhost:3005/_next/static/chunks/7d351_next_dist_106550e6._.js:2297
[  375301ms] [LOG] %c[·] %cReact Scan font-weight:bold;color:#7a68e8;font-size:20px; font-weight:bold;font-size:14px; @ http://unpkg.com/react-scan/dist/auto.global.js:1
[  375337ms] [LOG] [HMR] connected @ http://localhost:3005/_next/static/chunks/7d351_next_dist_106550e6._.js:2297
[  375731ms] [WARNING] [React Scan] react-grab v0.1.32 is outdated (latest: v0.1.44). Update react-scan to pick up the newer react-grab. @ http://localhost:3005/_next/static/chunks/7d351_next_dist_106550e6._.js:2297
[  416921ms] [LOG] [Fast Refresh] rebuilding @ http://localhost:3005/_next/static/chunks/7d351_next_dist_106550e6._.js:2297
[  416951ms] [LOG] [Fast Refresh] done in 54ms @ http://localhost:3005/_next/static/chunks/7d351_next_dist_106550e6._.js:2297
